docker-compose : time="2025-10-30T15:32:02+05:30" level=warning 
msg="C:\\Users\\yuvat\\OneDrive\\Documents\\incident-log-analyser\\docker-compose.test.yml: 
`version` is obsolete"
At line:1 char:1
+ docker-compose -f docker-compose.test.yml up --build 2>&1 | tee test_ ...
+ ~~~~~~~~~~~~~~~~~~~~~~~~~~~~~~~~~~~~~~~~~~~~~~~~~~~~~~~~~
    + CategoryInfo          : NotSpecified: (time="2025-10-3...n` is obsolete":String) [], Rem 
   oteException
    + FullyQualifiedErrorId : NativeCommandError
 
#0 building with "desktop-linux" instance using docker driver

#1 [incident-analyzer internal] load build definition from Dockerfile
#1 transferring dockerfile: 822B 0.0s done
#1 DONE 0.0s

#2 [incident-analyzer internal] load metadata for docker.io/library/python:3.11-slim
#2 DONE 1.1s

#3 [incident-analyzer internal] load .dockerignore
#3 transferring context: 443B done
#3 DONE 0.0s

#4 [incident-analyzer 1/7] FROM docker.io/library/python:3.11-slim@sha256:8eb5fc663972b871c528fef04be4eaa9ab8ab4539a5316c4b8c133771214a617
#4 DONE 0.0s

#5 [incident-analyzer internal] load build context
#5 transferring context: 2.44kB 0.0s done
#5 DONE 0.1s

#6 [incident-analyzer 3/7] RUN apt-get update && apt-get install -y     curl     && rm -rf /var/lib/apt/lists/*
#6 CACHED

#7 [incident-analyzer 4/7] COPY requirements.txt .
#7 CACHED

#8 [incident-analyzer 5/7] RUN pip install --no-cache-dir -r requirements.txt
#8 CACHED

#9 [incident-analyzer 6/7] COPY src/ ./src/
#9 CACHED

#10 [incident-analyzer 2/7] WORKDIR /app
#10 CACHED

#11 [incident-analyzer 7/7] RUN mkdir -p /app/output
#11 CACHED

#12 [incident-analyzer] exporting to image
#12 exporting layers done
#12 writing image sha256:3a8338917a3cda479bb0bf51e522c909520319e1eebc39f9ad8ab3f2b31cafe1 done
#12 naming to docker.io/library/incident-log-analyser-incident-analyzer done
#12 DONE 0.0s
 Container incident-analyzer-localstack-test  Running
 Container incident-log-analyzer-test  Created
Attaching to incident-analyzer-localstack-test, incident-log-analyzer-test
incident-log-analyzer-test         | Waiting for LocalStack...
incident-log-analyzer-test         | {"file": "/app/test_data/sample_payloads.json", "event": 
"incident_payload_loaded_from_file", "logger": "__main__", "level": "info", "timestamp": 
"2025-10-30T10:02:11.344046Z"}
incident-log-analyzer-test         | {"model_id": 
"us.anthropic.claude-3-5-sonnet-20241022-v2:0", "region": "us-east-1", "event": 
"bedrock_client_initialized", "logger": "src.llm.query_generator", "level": "info", 
"timestamp": "2025-10-30T10:02:11.485778Z"}
incident-log-analyzer-test         | {"endpoint": "https://selected-starling.us.signoz.cloud", 
"event": "signoz_client_initialized", "logger": "src.signoz.api_client", "level": "info", 
"timestamp": "2025-10-30T10:02:11.486363Z"}
incident-log-analyzer-test         | {"endpoint": "https://selected-starling.us.signoz.cloud", 
"timeout": 30, "event": "signoz_fetcher_initialized", "logger": "src.signoz.fetcher", "level": 
"info", "timestamp": "2025-10-30T10:02:11.486463Z"}
incident-analyzer-localstack-test  | 2025-10-30T10:02:11.572  INFO --- [et.reactor-0] localstack.request.aws     : AWS s3.HeadBucket => 200
incident-log-analyzer-test         | {"bucket": "incident-logs-test", "event": 
"s3_bucket_exists", "logger": "src.storage.raw_s3_storage", "level": "info", "timestamp": 
"2025-10-30T10:02:11.575369Z"}
incident-log-analyzer-test         | {"bucket": "incident-logs-test", "region": "us-east-1", 
"is_local": true, "event": "raw_s3_storage_initialized", "logger": 
"src.storage.raw_s3_storage", "level": "info", "timestamp": "2025-10-30T10:02:11.575648Z"}
incident-log-analyzer-test         | {"event": "edal_descriptor_generator_initialized", 
"logger": "src.storage.edal_descriptor", "level": "info", "timestamp": 
"2025-10-30T10:02:11.577188Z"}
incident-log-analyzer-test         | {"base_dir": "/app/output", "event": 
"local_storage_initialized", "logger": "src.storage.local_storage", "level": "info", 
"timestamp": "2025-10-30T10:02:11.581028Z"}
incident-log-analyzer-test         | {"storage_backend": "localstack", "s3_bucket": 
"incident-logs-test", "mode": "raw_multi_signal", "event": 
"incident_log_analyzer_initialized", "logger": "__main__", "level": "info", "timestamp": 
"2025-10-30T10:02:11.581551Z"}
incident-log-analyzer-test         | {"incident_id": "unknown", "title": null, "service": 
"unknown", "tenant": "default", "environment": "prod", "lookback_hours": 1, "event": 
"processing_incident_started", "logger": "__main__", "level": "info", "timestamp": 
"2025-10-30T10:02:11.581722Z"}
incident-log-analyzer-test         | {"incident_id": "unknown", "event": 
"step_1_generating_filters_with_validation", "logger": "__main__", "level": "info", 
"timestamp": "2025-10-30T10:02:11.581852Z"}
incident-log-analyzer-test         | {"incident_id": "unknown", "lookback_hours": 1, 
"dry_run_enabled": true, "event": "generating_signoz_query", "logger": 
"src.llm.query_generator", "level": "info", "timestamp": "2025-10-30T10:02:11.581975Z"}
incident-log-analyzer-test         | {"incident_id": "unknown", "filter_expression": 
"service.name = 'payments-service' AND severity_text = 'ERROR' AND http.status_code >= 500 AND 
http.status_code < 600", "limit": 10, "event": "executing_dry_run_query", "logger": 
"src.signoz.api_client", "level": "info", "timestamp": "2025-10-30T10:02:18.227048Z"}
incident-log-analyzer-test         | {"incident_id": "unknown", "log_count": 10, 
"filter_expression": "service.name = 'payments-service' AND severity_text = 'ERROR' AND 
http.status_code >= 500 AND http.status_code < 600", "event": "dry_run_query_completed", 
"logger": "src.signoz.api_client", "level": "info", "timestamp": "2025-10-30T10:02:19.502544Z"}
incident-log-analyzer-test         | {"incident_id": "unknown", "log_count": 10, 
"logs_filter": "service.name = 'payments-service' AND severity_text = 'ERROR' AND 
http.status_code >= 500 AND http.status_code < 600", "event": "dry_run_logs_filter_result", 
"logger": "src.llm.query_generator", "level": "info", "timestamp": 
"2025-10-30T10:02:19.504323Z"}
incident-log-analyzer-test         | {"incident_id": "unknown", "log_count": 10, "event": 
"dry_run_success_using_original_filters", "logger": "src.llm.query_generator", "level": 
"info", "timestamp": "2025-10-30T10:02:19.504715Z"}
incident-log-analyzer-test         | {"incident_id": "unknown", "logs_filter": "service.name = 
'payments-service' AND severity_text = 'ERROR' AND http.status_code >= 500 AND 
http.status_code < 600", "traces_filter": "resource.service.name = 'payments-service' AND 
attribute.http.status_code >= 500 AND attribute.http.status_code < 600", "has_metrics": true, 
"fetch_mode": "FILTERED", "reasoning": "Incident indicates 5xx spike in payments service. 
Filtering for 500-599 status codes and payments-service across all signals. Using ERROR 
severity for logs to catch error messages. Metrics configured to show error rate trends.", 
"key_attributes": ["service.name", "http.status_code", "severity_text"], "event": 
"query_generated_successfully", "logger": "src.llm.query_generator", "level": "info", 
"timestamp": "2025-10-30T10:02:19.504893Z"}
incident-log-analyzer-test         | {"incident_id": "unknown", "logs_filter": "service.name = 
'payments-service' AND severity_text = 'ERROR' AND http.status_code >= 500 AND 
http.status_code < 600", "traces_filter": "resource.service.name = 'payments-service' AND 
attribute.http.status_code >= 500 AND attribute.http.status_code < 600", "has_metrics": true, 
"fetch_mode": "FILTERED", "relaxation_history": [], "event": "filters_generated", "logger": 
"__main__", "level": "info", "timestamp": "2025-10-30T10:02:19.505061Z"}
incident-log-analyzer-test         | {"incident_id": "unknown", "event": 
"step_2_fetching_raw_multi_signal_data", "logger": "__main__", "level": "info", "timestamp": 
"2025-10-30T10:02:19.505213Z"}
incident-log-analyzer-test         | {"incident_id": "unknown", "filter": "service.name = 
'payments-service' AND severity_text = 'ERROR' AND http.status_code >= 500 AND 
http.status_code < 600", "event": "fetching_logs", "logger": "__main__", "level": "info", 
"timestamp": "2025-10-30T10:02:19.505369Z"}
incident-log-analyzer-test         | {"incident_id": "unknown", "signal": "logs", "url": 
"https://selected-starling.us.signoz.cloud/api/v5/query_range", "time_range": "1761814939505 
to 1761818539505", "event": "executing_signoz_query", "logger": "src.signoz.fetcher", "level": 
"info", "timestamp": "2025-10-30T10:02:19.505507Z"}
incident-log-analyzer-test         | {"incident_id": "unknown", "signal": "logs", 
"status_code": 200, "response_time_ms": 1114.2620000000002, "event": "signoz_api_response", 
"logger": "src.signoz.fetcher", "level": "info", "timestamp": "2025-10-30T10:02:21.187934Z"}
incident-log-analyzer-test         | {"incident_id": "unknown", "count": 814, "event": 
"logs_fetched_successfully", "logger": "src.signoz.fetcher", "level": "info", "timestamp": 
"2025-10-30T10:02:21.221934Z"}
incident-log-analyzer-test         | {"incident_id": "unknown", "filter": 
"resource.service.name = 'payments-service' AND attribute.http.status_code >= 500 AND 
attribute.http.status_code < 600", "event": "fetching_traces", "logger": "__main__", "level": 
"info", "timestamp": "2025-10-30T10:02:21.226635Z"}
incident-log-analyzer-test         | {"incident_id": "unknown", "signal": "traces", "url": 
"https://selected-starling.us.signoz.cloud/api/v5/query_range", "time_range": "1761814939505 
to 1761818539505", "event": "executing_signoz_query", "logger": "src.signoz.fetcher", "level": 
"info", "timestamp": "2025-10-30T10:02:21.227021Z"}
incident-log-analyzer-test         | {"incident_id": "unknown", "signal": "traces", 
"status_code": 200, "response_time_ms": 1007.25, "event": "signoz_api_response", "logger": 
"src.signoz.fetcher", "level": "info", "timestamp": "2025-10-30T10:02:22.755114Z"}
incident-log-analyzer-test         | {"incident_id": "unknown", "count": 980, "event": 
"traces_fetched_successfully", "logger": "src.signoz.fetcher", "level": "info", "timestamp": 
"2025-10-30T10:02:22.765647Z"}
incident-log-analyzer-test         | {"incident_id": "unknown", "original_filter": 
"resource.service.name = 'payments-service' AND attribute.http.status_code >= 500 AND 
attribute.http.status_code < 600", "event": "no_traces_with_filter_fetching_all", "logger": 
"__main__", "level": "warning", "timestamp": "2025-10-30T10:02:22.770105Z"}
incident-log-analyzer-test         | {"incident_id": "unknown", "signal": "traces", "url": 
"https://selected-starling.us.signoz.cloud/api/v5/query_range", "time_range": "1761814939505 
to 1761818539505", "event": "executing_signoz_query", "logger": "src.signoz.fetcher", "level": 
"info", "timestamp": "2025-10-30T10:02:22.771076Z"}
incident-log-analyzer-test         | {"incident_id": "unknown", "signal": "traces", 
"status_code": 200, "response_time_ms": 1004.848, "event": "signoz_api_response", "logger": 
"src.signoz.fetcher", "level": "info", "timestamp": "2025-10-30T10:02:24.335324Z"}
incident-log-analyzer-test         | {"incident_id": "unknown", "count": 1000, "event": 
"traces_fetched_successfully", "logger": "src.signoz.fetcher", "level": "info", "timestamp": 
"2025-10-30T10:02:24.337456Z"}
incident-log-analyzer-test         | {"incident_id": "unknown", "count": 0, "event": 
"traces_fetched_without_filter", "logger": "__main__", "level": "info", "timestamp": 
"2025-10-30T10:02:24.341034Z"}
incident-log-analyzer-test         | {"incident_id": "unknown", "metric_name": 
"signoz_calls_total", "filter": "service_name = 'payments-service' AND status_code >= 500", 
"event": "fetching_metrics", "logger": "__main__", "level": "info", "timestamp": 
"2025-10-30T10:02:24.341697Z"}
incident-log-analyzer-test         | {"incident_id": "unknown", "signal": "metrics", "url": 
"https://selected-starling.us.signoz.cloud/api/v5/query_range", "time_range": "1761814939505 
to 1761818539505", "event": "executing_signoz_query", "logger": "src.signoz.fetcher", "level": 
"info", "timestamp": "2025-10-30T10:02:24.341922Z"}
incident-log-analyzer-test         | {"incident_id": "unknown", "signal": "metrics", 
"status_code": 400, "response_time_ms": 982.3629999999999, "event": "signoz_api_response", 
"logger": "src.signoz.fetcher", "level": "info", "timestamp": "2025-10-30T10:02:25.326472Z"}
incident-log-analyzer-test         | {"incident_id": "unknown", "signal": "metrics", 
"status_code": 400, "response_body": 
"{\"status\":\"error\",\"error\":{\"code\":\"invalid_input\",\"message\":\"Found 2 errors 
while parsing the search expression.\",\"url\":\"https://signoz.io/docs/userguide/search-troubl
eshooting/#key-fieldname-not-found\",\"errors\":[{\"message\":\"key `service_name` not 
found\"},{\"message\":\"key `status_code` not found\"}]}}", "event": "signoz_api_http_error", 
"logger": "src.signoz.fetcher", "level": "error", "timestamp": "2025-10-30T10:02:25.338304Z"}
incident-log-analyzer-test         | {"incident_id": "unknown", "error": "SigNoz API error 
(400) for metrics: 
{\"status\":\"error\",\"error\":{\"code\":\"invalid_input\",\"message\":\"Found 2 errors while 
parsing the search expression.\",\"url\":\"https://signoz.io/docs/userguide/search-troubleshoot
ing/#key-fieldname-not-found\",\"errors\":[{\"message\":\"key `service_name` not 
found\"},{\"message\":\"key `status_code` not found\"}]}}", "event": 
"failed_to_fetch_metrics", "logger": "__main__", "level": "error", "timestamp": 
"2025-10-30T10:02:25.338660Z"}
incident-log-analyzer-test         | {"incident_id": "unknown", "event": 
"step_3_uploading_raw_data_to_s3", "logger": "__main__", "level": "info", "timestamp": 
"2025-10-30T10:02:25.340466Z"}
incident-analyzer-localstack-test  | 2025-10-30T10:02:25.385  INFO --- [et.reactor-0] localstack.request.aws     : AWS s3.PutObject => 200
incident-log-analyzer-test         | {"incident_id": "unknown", "signal": "logs", "s3_key": "ra
w/prod/default/unknown/logs/date=2025-10-30/hour=10/incident_id=unknown/window=1761814939505-17
61818539505/seq=00001/part-0001.json.gz", "original_size_kb": 973.625, "compressed_size_kb": 
71.9326171875, "compression_ratio": "7.39%", "event": "raw_signal_uploaded_to_s3", "logger": 
"src.storage.raw_s3_storage", "level": "info", "timestamp": "2025-10-30T10:02:25.387443Z"}
incident-log-analyzer-test         | {"incident_id": "unknown", "s3_key": "raw/prod/default/unk
nown/logs/date=2025-10-30/hour=10/incident_id=unknown/window=1761814939505-1761818539505/seq=00
001/part-0001.json.gz", "event": "logs_uploaded_to_s3", "logger": "__main__", "level": "info", 
"timestamp": "2025-10-30T10:02:25.387744Z"}
incident-analyzer-localstack-test  | 2025-10-30T10:02:25.411  INFO --- [et.reactor-0] localstack.request.aws     : AWS s3.PutObject => 200
incident-log-analyzer-test         | {"incident_id": "unknown", "signal": "traces", "s3_key": "
raw/prod/default/unknown/traces/date=2025-10-30/hour=10/incident_id=unknown/window=176181493950
5-1761818539505/seq=00001/part-0001.json.gz", "original_size_kb": 298.5078125, 
"compressed_size_kb": 53.126953125, "compression_ratio": "17.80%", "event": 
"raw_signal_uploaded_to_s3", "logger": "src.storage.raw_s3_storage", "level": "info", 
"timestamp": "2025-10-30T10:02:25.415028Z"}
incident-log-analyzer-test         | {"incident_id": "unknown", "s3_key": "raw/prod/default/unk
nown/traces/date=2025-10-30/hour=10/incident_id=unknown/window=1761814939505-1761818539505/seq=
00001/part-0001.json.gz", "event": "traces_uploaded_to_s3", "logger": "__main__", "level": 
"info", "timestamp": "2025-10-30T10:02:25.415233Z"}
incident-log-analyzer-test         | {"incident_id": "unknown", "error": "SigNoz API error 
(400) for metrics: 
{\"status\":\"error\",\"error\":{\"code\":\"invalid_input\",\"message\":\"Found 2 errors while 
parsing the search expression.\",\"url\":\"https://signoz.io/docs/userguide/search-troubleshoot
ing/#key-fieldname-not-found\",\"errors\":[{\"message\":\"key `service_name` not 
found\"},{\"message\":\"key `status_code` not found\"}]}}", "event": 
"skipping_metrics_upload_due_to_error", "logger": "__main__", "level": "warning", "timestamp": 
"2025-10-30T10:02:25.415317Z"}
incident-analyzer-localstack-test  | 2025-10-30T10:02:25.421  INFO --- [et.reactor-0] localstack.request.aws     : AWS s3.PutObject => 200
incident-log-analyzer-test         | {"incident_id": "unknown", "signal": "logs", "s3_key": 
"raw/prod/default/unknown/logs/date=2025-10-30/hour=10/incident_id=unknown/manifest.json", 
"event": "manifest_uploaded_to_s3", "logger": "src.storage.raw_s3_storage", "level": "info", 
"timestamp": "2025-10-30T10:02:25.422712Z"}
incident-log-analyzer-test         | {"incident_id": "unknown", "manifest_key": 
"raw/prod/default/unknown/logs/date=2025-10-30/hour=10/incident_id=unknown/manifest.json", 
"event": "logs_manifest_uploaded", "logger": "__main__", "level": "info", "timestamp": 
"2025-10-30T10:02:25.422920Z"}
incident-analyzer-localstack-test  | 2025-10-30T10:02:25.431  INFO --- [et.reactor-0] localstack.request.aws     : AWS s3.PutObject => 200
incident-log-analyzer-test         | {"incident_id": "unknown", "signal": "traces", "s3_key": 
"raw/prod/default/unknown/traces/date=2025-10-30/hour=10/incident_id=unknown/manifest.json", 
"event": "manifest_uploaded_to_s3", "logger": "src.storage.raw_s3_storage", "level": "info", 
"timestamp": "2025-10-30T10:02:25.433572Z"}
incident-log-analyzer-test         | {"incident_id": "unknown", "manifest_key": 
"raw/prod/default/unknown/traces/date=2025-10-30/hour=10/incident_id=unknown/manifest.json", 
"event": "traces_manifest_uploaded", "logger": "__main__", "level": "info", "timestamp": 
"2025-10-30T10:02:25.433748Z"}
incident-log-analyzer-test         | {"incident_id": "unknown", "event": 
"step_4_generating_edal_descriptor", "logger": "__main__", "level": "info", "timestamp": 
"2025-10-30T10:02:25.433822Z"}
incident-log-analyzer-test         | {"company_id": "default", "tenant": "default", "service": 
"unknown", "environment": "prod", "signals": ["logs", "traces"], "source_count": 2, "event": 
"edal_descriptor_generated", "logger": "src.storage.edal_descriptor", "level": "info", 
"timestamp": "2025-10-30T10:02:25.433917Z"}
incident-analyzer-localstack-test  | 2025-10-30T10:02:25.440  INFO --- [et.reactor-0] localstack.request.aws     : AWS s3.PutObject => 200
incident-log-analyzer-test         | {"s3_key": 
"config/prod/default/edal/datasources_20251030_100225.json", "tenant": "default", 
"environment": "prod", "event": "edal_descriptor_saved_to_s3", "logger": 
"src.storage.edal_descriptor", "level": "info", "timestamp": "2025-10-30T10:02:25.442695Z"}
incident-log-analyzer-test         | {"incident_id": "unknown", "edal_s3_key": 
"config/prod/default/edal/datasources_20251030_100225.json", "company_id": "default", "event": 
"edal_descriptor_generated", "logger": "__main__", "level": "info", "timestamp": 
"2025-10-30T10:02:25.442962Z"}
incident-log-analyzer-test         | {"incident_id": "unknown", "filepath": 
"output/unknown/logs_20251030_100225.json", "log_count": 1, "is_final": false, "event": 
"logs_saved_locally", "logger": "src.storage.local_storage", "level": "info", "timestamp": 
"2025-10-30T10:02:25.455077Z"}
incident-log-analyzer-test         | {"incident_id": "unknown", "signals_fetched": 3, 
"files_uploaded": 2, "processing_time": 13, "event": "processing_incident_completed", 
"logger": "__main__", "level": "info", "timestamp": "2025-10-30T10:02:25.455371Z"}
incident-log-analyzer-test         | 
incident-log-analyzer-test         | ================================================================================
incident-log-analyzer-test         |   ≡ƒÜ¿ INCIDENT LOG ANALYZER - RAW MULTI-SIGNAL MODE
incident-log-analyzer-test         | ================================================================================
incident-log-analyzer-test         | 
incident-log-analyzer-test         | Incident ID: None
incident-log-analyzer-test         | Title: N/A
incident-log-analyzer-test         | Service: N/A
incident-log-analyzer-test         | Tenant: default
incident-log-analyzer-test         | Environment: prod
incident-log-analyzer-test         | Lookback: 1 hour(s)
incident-log-analyzer-test         | EDAL Generation: Enabled
incident-log-analyzer-test         | Mode: RAW (No Transformation)
incident-log-analyzer-test         | 
incident-log-analyzer-test         | ================================================================================
incident-log-analyzer-test         | 
incident-log-analyzer-test         | 
incident-log-analyzer-test         | ================================================================================
incident-log-analyzer-test         |   Γ£à ANALYSIS COMPLETED SUCCESSFULLY
incident-log-analyzer-test         | ================================================================================
incident-log-analyzer-test         | 
incident-log-analyzer-test         | ≡ƒôè Summary:
incident-log-analyzer-test         |    Processing Time: 13s
incident-log-analyzer-test         |    Signals Fetched: logs, traces, metrics
incident-log-analyzer-test         |    Files Uploaded: 2
incident-log-analyzer-test         | 
incident-log-analyzer-test         | ≡ƒöì Query Info:
incident-log-analyzer-test         |    Fetch Mode: FILTERED
incident-log-analyzer-test         |    Logs Filter: service.name = 'payments-service' AND severity_text = 'ERROR' AND http.status_code >= 500 AND http.status_code < 600
incident-log-analyzer-test         |    Traces Filter: resource.service.name = 'payments-service' AND attribute.http.status_code >= 500 AND attribute.http.status_code < 600
incident-log-analyzer-test         |    Metrics: signoz_calls_total
incident-log-analyzer-test         | 
incident-log-analyzer-test         | ≡ƒÆ╛ Storage:
incident-log-analyzer-test         |    S3 Bucket: incident-logs-test
incident-log-analyzer-test         |    Structure: raw/prod/default/unknown/{signal}/date=YYYY-MM-DD/hour=HH/
incident-log-analyzer-test         |    EDAL Descriptor: config/prod/default/edal/datasources_20251030_100225.json
incident-log-analyzer-test         | 
incident-log-analyzer-test         | ≡ƒôü Uploaded Files:
incident-log-analyzer-test         |    - logs: raw/prod/default/unknown/logs/date=2025-10-30/hour=10/incident_id=unknown/window=1761814939505-1761818539505/seq=00001/part-0001.json.gz
incident-log-analyzer-test         |    - traces: raw/prod/default/unknown/traces/date=2025-10-30/hour=10/incident_id=unknown/window=1761814939505-1761818539505/seq=00001/part-0001.json.gz
incident-log-analyzer-test         | 
incident-log-analyzer-test         | ================================================================================
incident-log-analyzer-test         | 

[Kincident-log-analyzer-test exited with code 0
incident-analyzer-localstack-test  | 2025-10-30T10:02:47.594  INFO --- [et.reactor-0] localstack.request.aws     : AWS s3.ListObjectsV2 => 200
incident-analyzer-localstack-test  | 2025-10-30T10:03:08.695  INFO --- [et.reactor-0] localstack.request.aws     : AWS s3.ListObjectsV2 => 200
incident-analyzer-localstack-test  | LocalStack supervisor: Shutting down localstack (PID 14)...
incident-analyzer-localstack-test  | Localstack runtime received signal 15
incident-analyzer-localstack-test  | 2025-10-30T10:11:50.584 DEBUG --- [ime-Shutdown] localstack.runtime.runtime : [shutdown] Running shutdown hooks ...
incident-analyzer-localstack-test  | 2025-10-30T10:11:50.613 DEBUG --- [ime-Shutdown] plux.runtime.manager       : instantiating plugin PluginSpec(localstack.hooks.on_infra_shutdown._run_init_scripts_on_shutdown = <function _run_init_scripts_on_shutdown at 0x7f685b6b14e0>)
incident-analyzer-localstack-test  | 2025-10-30T10:11:50.614 DEBUG --- [ime-Shutdown] plux.runtime.manager       : loading plugin localstack.hooks.on_infra_shutdown:_run_init_scripts_on_shutdown
incident-analyzer-localstack-test  | 2025-10-30T10:11:50.614 DEBUG --- [ime-Shutdown] plux.runtime.manager       : instantiating plugin PluginSpec(localstack.hooks.on_infra_shutdown.publish_metrics = <function publish_metrics at 0x7f684160e8e0>)
incident-analyzer-localstack-test  | 2025-10-30T10:11:50.614 DEBUG --- [ime-Shutdown] plux.runtime.manager       : loading plugin localstack.hooks.on_infra_shutdown:publish_metrics
incident-analyzer-localstack-test  | 2025-10-30T10:11:50.614 DEBUG --- [ime-Shutdown] plux.runtime.manager       : instantiating plugin PluginSpec(localstack.hooks.on_infra_shutdown.remove_custom_endpoints = <function remove_custom_endpoints at 0x7f685b5e39c0>)
incident-analyzer-localstack-test  | 2025-10-30T10:11:50.614 DEBUG --- [ime-Shutdown] plux.runtime.manager       : loading plugin localstack.hooks.on_infra_shutdown:remove_custom_endpoints
incident-analyzer-localstack-test  | 2025-10-30T10:11:50.615 DEBUG --- [ime-Shutdown] plux.runtime.manager       : instantiating plugin PluginSpec(localstack.hooks.on_infra_shutdown.run_on_after_service_shutdown_handlers = <function run_on_after_service_shutdown_handlers at 0x7f685c4f3560>)
incident-analyzer-localstack-test  | 2025-10-30T10:11:50.615 DEBUG --- [ime-Shutdown] plux.runtime.manager       : loading plugin localstack.hooks.on_infra_shutdown:run_on_after_service_shutdown_handlers
incident-analyzer-localstack-test  | 2025-10-30T10:11:50.615 DEBUG --- [ime-Shutdown] plux.runtime.manager       : instantiating plugin PluginSpec(localstack.hooks.on_infra_shutdown.run_shutdown_handlers = <function run_shutdown_handlers at 0x7f685c4f32e0>)
incident-analyzer-localstack-test  | 2025-10-30T10:11:50.615 DEBUG --- [ime-Shutdown] plux.runtime.manager       : loading plugin localstack.hooks.on_infra_shutdown:run_shutdown_handlers
incident-analyzer-localstack-test  | 2025-10-30T10:11:50.615 DEBUG --- [ime-Shutdown] plux.runtime.manager       : instantiating plugin PluginSpec(localstack.hooks.on_infra_shutdown.shutdown_services = <function shutdown_services at 0x7f685c4f3420>)
incident-analyzer-localstack-test  | 2025-10-30T10:11:50.615 DEBUG --- [ime-Shutdown] plux.runtime.manager       : loading plugin localstack.hooks.on_infra_shutdown:shutdown_services
incident-analyzer-localstack-test  | 2025-10-30T10:11:50.615 DEBUG --- [ime-Shutdown] plux.runtime.manager       : instantiating plugin PluginSpec(localstack.hooks.on_infra_shutdown.stop_server = <function stop_server at 0x7f685b5f0ae0>)
incident-analyzer-localstack-test  | 2025-10-30T10:11:50.615 DEBUG --- [ime-Shutdown] plux.runtime.manager       : loading plugin localstack.hooks.on_infra_shutdown:stop_server
incident-analyzer-localstack-test  | 2025-10-30T10:11:50.627  INFO --- [ime-Shutdown] l.runtime.shutdown         : [shutdown] Stopping all services
incident-analyzer-localstack-test  | 2025-10-30T10:11:50.630 DEBUG --- [ime-Shutdown] localstack.dns.server      : Reverting container DNS config
incident-analyzer-localstack-test  | 2025-10-30T10:11:51.137 DEBUG --- [ime-Shutdown] localstack.runtime.runtime : [shutdown] Shutting down runtime server ...
incident-analyzer-localstack-test  | 2025-10-30T10:11:51.438 DEBUG --- [  MainThread] localstack.runtime.runtime : [shutdown] Cleaning up resources ...
incident-analyzer-localstack-test  | 2025-10-30T10:11:51.438 DEBUG --- [  MainThread] localstack.utils.threads   : [shutdown] Done cleaning up threads / processes / tasks
incident-analyzer-localstack-test  | 2025-10-30T10:11:51.439 DEBUG --- [  MainThread] localstack.utils.run       : Executing command: rm -rf "/tmp/localstack"
incident-analyzer-localstack-test  | 2025-10-30T10:11:51.442 DEBUG --- [  MainThread] localstack.runtime.runtime : [shutdown] Completed, bye!
incident-analyzer-localstack-test  | LocalStack supervisor: localstack process (PID 14) returned with exit code 0
incident-analyzer-localstack-test  | LocalStack supervisor: exiting

[Kincident-analyzer-localstack-test exited with code 0
